           抽取总览           
┌──────────────────────┬─────┐
│ 清单项(bill_spec)    │ 561 │
│ 辅助表(aux_tables)   │ 9   │
│ 异常行(丢弃)         │ 96  │
│ 多单位合并           │ 3   │
│ 同码异名冲突(出主表) │ 0   │
└──────────────────────┴─────┘
编码唯一性：561 行，主表无重复
编码连续性：无可疑小幅断号
表外单位 179 行：{'1.樘2.㎡': 41, '1.个2.m3.㎡': 20, '1.m32.根': 9, '㎡': 8, '1.㎡2.㎡': 8, '1.m32.块': 7, '': 7, '1.m2.根': 6, '1.樘2.㎡3.㎡': 6, 
'1.m2.m33.根': 5}
特征项为空：16/561 行（措施项目类无特征 7，正常）；疑漏行 9（特征空但有计算规则，抽查）：['011702002', '011702003', '011702008', '011702009', '011702011', 
'011702012', '011702013', '011702021']
                                                              辅助表清单（人工核对分类）                                                              
┏━━━━━━━━━━━━━━━━┳━━━━━━━━━━━━━━━━━━━━━━━━━━━━━━━━━━━━━━━━━━━━━━━━┳━━━━━━━━━━━━━━━━━━━━━━━┳━━━━━━━━━━━━━━━━━━━━━━━━━━━━━━━━━━━━━━━━━━━━━━━━━━━━━━━━━━┓
┃ kind           ┃ caption                                        ┃ chapter               ┃ header                                                   ┃
┡━━━━━━━━━━━━━━━━╇━━━━━━━━━━━━━━━━━━━━━━━━━━━━━━━━━━━━━━━━━━━━━━━━╇━━━━━━━━━━━━━━━━━━━━━━━╇━━━━━━━━━━━━━━━━━━━━━━━━━━━━━━━━━━━━━━━━━━━━━━━━━━━━━━━━━━┩
│ classification │ 表 A. 1一 1 土壤 分类表                        │ 附录 A 土 石 方 工 程 │ 土壤分类 | 土壤名称 | 开挖方法                           │
│ parameter      │ 表 A 1一 2 土方体积折算系数表                  │ 附录 A 土 石 方 工 程 │ 天然密实度体积 | 虚方体积 | 夯实后体积 | 松填体积        │
│ parameter      │ 表 A 1一 3 放坡 系数表                         │ 附录 A 土 石 方 工 程 │ 土类别 | 放坡起点(m) | 人工挖土 | 机械挖土 |  |          │
│ parameter      │ 表 A 1一 4 基础施工 所需工 作面宽度计算表      │ 附录 A 土 石 方 工 程 │ 基础材料 | 每边各增加工作面宽度(mm)                      │
│ parameter      │ 表 A. 1一 5 管沟施工 每侧所需工 作面宽度计算表 │ 附录 A 土 石 方 工 程 │ 管道结构宽(mm)管沟材料 | ≤500 | ≤1000 | ≤2500 | >2500    │
│ classification │ 表 A. 2一 1 岩石 分类表                        │ 附录 A 土 石 方 工 程 │ 岩石分类 |  | 代表性岩石 | 开挖方法                      │
│ unknown        │ 续 表 A. 2一 1                                 │ 附录 A 土 石 方 工 程 │ 岩石分类 |  | 代表性岩石 | 开挖方法                      │
│ parameter      │ 表 A 2一 2 石 方体积折算系数表                 │ 附录 A 土 石 方 工 程 │ 石方类别 | 天然密实度体积 | 虚方体积 | 松填体积 | 码方   │
│ parameter      │ 表D.5.2标准墙计算厚度表                        │ 附录 D 砌筑工 程      │ 砖数(厚度) | 1/4 | 1/2 | 3/4 | 1 | 1 1/2 | 2 | 2 1/2 | 3 │
└────────────────┴────────────────────────────────────────────────┴───────────────────────┴──────────────────────────────────────────────────────────┘
已写 /mnt/nvme/calvin/code/deer-flow/ce-code/data/structured/GB-50854-2013/ ：bill_spec（561）、aux_tables（9）、anomalies（96）
xlsx 行 65535 → gold 91 条（唯一码 25）· uncovered 码 5
覆盖率（唯一码在 2013 库内）：25/30
✓ /mnt/nvme/calvin/code/deer-flow/ce-code/data/eval_set/match_gold_2013.jsonl  uncovered → 
/mnt/nvme/calvin/code/deer-flow/ce-code/data/eval_set/match_gold_2013_uncovered.jsonl
gold 已脱敏（仅 query+gold+note）；xlsx 原件勿入 git。
读 jsonl data/structured/GB-50854-2013/bill_spec.jsonl：561 条清单项 （doc_id=['GB-50854-2013']） → collection cost_bill_spec_kb_2013
已连接 Milvus localhost:19530
集合 cost_bill_spec_kb_2013 已存在，将重建
集合 cost_bill_spec_kb_2013 已创建
调用嵌入服务 http://localhost:8097，model=/model…
嵌入并插入:   0%|          | 0/9 [00:00<?, ?it/s]嵌入并插入:  11%|█         | 1/9 [00:00<00:01,  5.54it/s]嵌入并插入:  22%|██▏       | 2/9 [00:00<00:01,  5.85it/s]嵌入并插入:  33%|███▎      | 3/9 [00:00<00:00,  6.12it/s]嵌入并插入:  44%|████▍     | 4/9 [00:00<00:00,  6.21it/s]嵌入并插入:  56%|█████▌    | 5/9 [00:00<00:00,  6.26it/s]嵌入并插入:  67%|██████▋   | 6/9 [00:00<00:00,  6.29it/s]嵌入并插入:  78%|███████▊  | 7/9 [00:01<00:00,  6.36it/s]嵌入并插入:  89%|████████▉ | 8/9 [00:01<00:00,  6.44it/s]嵌入并插入: 100%|██████████| 9/9 [00:01<00:00,  6.87it/s]嵌入并插入: 100%|██████████| 9/9 [00:01<00:00,  6.43it/s]
✓ bill_spec_kb 建成：561 个向量
金标 91 条 · top_k=10 · collection=cost_bill_spec_kb_2013 · structural=on · rerank=off

                                            清单匹配评测 · 逐条                                             
┏━━━━━━━━━━━━━━━━━━━━━━━━━━━━━━━━━━━━━━━━━━━━━━━┳━━━━━━━━━━━┳━━━━━━━━━━━━━━━━━━━━━━━━━━━━━━┳━━━━━━━━┳━━━━━━┓
┃ 查询                                          ┃ 金标      ┃ Top-1 召回                   ┃ 金标秩 ┃ 命中 ┃
┡━━━━━━━━━━━━━━━━━━━━━━━━━━━━━━━━━━━━━━━━━━━━━━━╇━━━━━━━━━━━╇━━━━━━━━━━━━━━━━━━━━━━━━━━━━━━╇━━━━━━━━╇━━━━━━┩
│ 锚索；(1)地层情况:除入岩增加费外综合考虑,详   │ 010202007 │ 010201010 粉喷桩             │ 4      │ ✓    │
│ 五金型材；(1)部位:综合考虑 (2)钢材品种、      │ 010202011 │ 010606005 钢墙架             │ —      │ ✗    │
│ 钢柱；(1)地层情况:综合考虑各种地质情况,详见   │ 010202006 │ 010202005 型钢桩             │ —      │ ✗    │
│ 桩基；(1)桩径1500mm以外 (1)2.0厚              │ 010904002 │ 011108003 块料零星项目       │ —      │ ✗    │
│ 桩基；(1)桩径1500mm以内 (1)2.0厚              │ 010904002 │ 011108003 块料零星项目       │ —      │ ✗    │
│ 梁；(1)现浇构件钢筋 HRB400 Φ18mm              │ 010515001 │ 010515001 现浇构件钢筋       │ 1      │ ✓1   │
│ 梁；(1)现浇构件钢筋 HRB400 Φ16mm              │ 010515001 │ 010515001 现浇构件钢筋       │ 1      │ ✓1   │
│ 梁；(1)现浇构件钢筋 HRB400 Φ14mm              │ 010515001 │ 010515001 现浇构件钢筋       │ 1      │ ✓1   │
│ 梁；(1)现浇构件钢筋 HRB400 Φ6mm(              │ 010515001 │ 010515001 现浇构件钢筋       │ 1      │ ✓1   │
│ 梁；(1)现浇构件钢筋 HRB400 Φ10mm              │ 010515001 │ 010515001 现浇构件钢筋       │ 1      │ ✓1   │
│ 后浇带；(1)现浇构件钢筋 HRB400 Φ20            │ 010515001 │ 010515001 现浇构件钢筋       │ 1      │ ✓1   │
│ 后浇带；(1)现浇构件钢筋 HRB400 Φ8m            │ 010515001 │ 010515001 现浇构件钢筋       │ 1      │ ✓1   │
│ 坑基；(1)现浇构件钢筋 HRB400 Φ12m             │ 010515001 │ 010515001 现浇构件钢筋       │ 1      │ ✓1   │
│ 暗柱；(1)机械连接 Φ25以内 (2)接头形式         │ 010516003 │ 010509001 矩形柱             │ —      │ ✗    │
│ 暗柱；(1)机械连接 Φ25以外 (2)接头形式         │ 010516003 │ 010509002 异形柱             │ —      │ ✗    │
│ 暗柱；(1)现浇构件钢筋 HRB400 Φ22m             │ 010515001 │ 010515001 现浇构件钢筋       │ 1      │ ✓1   │
│ 暗柱；(1)现浇构件钢筋 HRB400 Φ25m             │ 010515001 │ 010515001 现浇构件钢筋       │ 1      │ ✓1   │
│ 暗柱；(1)现浇构件钢筋 HRB400 Φ32m             │ 010515001 │ 010515001 现浇构件钢筋       │ 1      │ ✓1   │
│ 暗柱；(1)现浇构件钢筋 HRB400 Φ28m             │ 010515001 │ 010515001 现浇构件钢筋       │ 1      │ ✓1   │
│ 砼墙；(1)墙厚:50cm以内 (2)支模高度:           │ 011702011 │ 010606005 钢墙架             │ —      │ ✗    │
│ 坑基；(1)含模板制作、安装、拆除及运输等 (2    │ 011702014 │ 011108003 块料零星项目       │ —      │ ✗    │
│ 梁；(1)含模板制作、安装、拆除及运输等 (2)     │ 011702006 │ 010505001 有梁板             │ —      │ ✗    │
│ 梁；(1)梁模板支撑架搭拆、使用 (2)支模高度     │ 011702006 │ 011702014 有梁板             │ 4      │ ✓    │
│ 板；(1)板模板支撑架搭拆、使用 (2)支模高度     │ 011702014 │ 011702014 有梁板             │ 1      │ ✓1   │
│ 后浇带；(1)部位:梁、板、墙 (2)混凝土强度      │ 010508001 │ 010508001 后浇带             │ 1      │ ✓1   │
│ 板；(1)混凝土强度等级:C35 P8 (2)混            │ 010505001 │ 010505001 有梁板             │ 1      │ ✓1   │
│ 后浇带；(1)部位:梁、板、墙 (2)混凝土强度      │ 010508001 │ 010508001 后浇带             │ 1      │ ✓1   │
│ 梁；(1)梁模板支撑架搭拆、使用 (2)支模高度     │ 011702006 │ 011702014 有梁板             │ 4      │ ✓    │
│ 坑槽；(1)废弃料品种:土石方 (2)装车、外运      │ 010103002 │ 010103002 余方弃置           │ 1      │ ✓1   │
│ 板；(1)混凝土强度等级:C35 (2)混凝土种         │ 010505001 │ 010505001 有梁板             │ 1      │ ✓1   │
│ 垫层；(1)1.2厚预铺防水卷材(P类) (2)           │ 010904001 │ 011108003 块料零星项目       │ —      │ ✗    │
│ 梁；(1)梁模板支撑架搭拆、使用 (2)支模高度     │ 011702006 │ 011702014 有梁板             │ 3      │ ✓    │
│ 坑槽；(1)挖土石方（含出土坡道，基坑、沟槽及基 │ 010101002 │ 010101003 挖沟槽土方         │ 7      │ ✓    │
│ 梁；(1)梁模板支撑架搭拆、使用 (2)支模高度     │ 011702006 │ 011702014 有梁板             │ 4      │ ✓    │
│ 砼墙；(1)混凝土强度等级:C30 (2)混凝土         │ 010507007 │ 010401008 填充墙             │ —      │ ✗    │
│ 梁；(1)梁模板支撑架搭拆、使用 (2)支模高度     │ 011702006 │ 011702014 有梁板             │ 4      │ ✓    │
│ 砖模；(1)1.5厚湿铺防水卷材 (2)清单工程        │ 010904001 │ 011108003 块料零星项目       │ —      │ ✗    │
│ 柱；(1)混凝土强度等级:C40 (2)混凝土种         │ 010502001 │ 010509001 矩形柱             │ —      │ ✗    │
│ 柱；(1)支模高度:h≤3.6m (2)含模板及            │ 011702002 │ 010509001 矩形柱             │ —      │ ✗    │
│ 板；(1)板模板支撑架搭拆、使用 (2)支模高度     │ 011702014 │ 011702014 有梁板             │ 1      │ ✓1   │
│ 梁；(1)梁模板支撑架搭拆、使用 (2)支模高度     │ 011702006 │ 011702014 有梁板             │ 4      │ ✓    │
│ 后浇带；(1)部位:独立基础、桩承台基础、底板、  │ 010501005 │ 010508001 后浇带             │ 7      │ ✓    │
│ 后浇带；(1)部位:梁、板、墙 (2)混凝土强度      │ 010508001 │ 010508001 后浇带             │ 1      │ ✓1   │
│ 垫层；(1)含模板及支架制作、安装、拆除及运输等 │ 011702001 │ 011108003 块料零星项目       │ —      │ ✗    │
│ 柱；(1)混凝土强度等级:C35 (2)混凝土种         │ 010502001 │ 010509001 矩形柱             │ —      │ ✗    │
│ 砼墙；(1)墙厚:50cm以内 (2)支模高度:           │ 011702011 │ 010606005 钢墙架             │ —      │ ✗    │
│ 砼墙；(1)混凝土强度等级:C60 (2)混凝土         │ 010502001 │ 010401008 填充墙             │ —      │ ✗    │
│ 暗柱；(1)现浇构件钢筋 HRB400 Φ12m             │ 010515001 │ 010515001 现浇构件钢筋       │ 1      │ ✓1   │
│ 板；(1)混凝土强度等级:C30 (2)混凝土种         │ 010505001 │ 010505001 有梁板             │ 1      │ ✓1   │
│ 柱；(1)现浇构件钢筋 HRB400 Φ32mm              │ 010515001 │ 010515001 现浇构件钢筋       │ 1      │ ✓1   │
│ 楼梯；(1)混凝土强度等级:C35 (2)混凝土         │ 010507007 │ 011106005 现浇水磨石楼梯面层 │ —      │ ✗    │
│ 砼墙；(1)墙厚:50cm以外 (2)支模高度:           │ 011702011 │ 010606005 钢墙架             │ —      │ ✗    │
│ 砼墙；(1)墙厚:50cm以外 (2)支模高度:           │ 011702011 │ 010606005 钢墙架             │ —      │ ✗    │
│ 板；(1)现浇构件钢筋 HRB400 Φ8mm(              │ 010515001 │ 010515001 现浇构件钢筋       │ 1      │ ✓1   │
│ 柱；(1)支模高度:3.6m＜h≤6m (2)含              │ 011702002 │ 010509001 矩形柱             │ —      │ ✗    │
│ 楼梯；(1)楼梯模板支撑架搭拆、使用 (2)支模     │ 011702024 │ 011106002 块料楼梯面层       │ —      │ ✗    │
│ 柱；(1)现浇构件钢筋 HRB400 Φ28mm              │ 010515001 │ 010515001 现浇构件钢筋       │ 1      │ ✓1   │
│ 砼墙；(1)现浇构件钢筋 HRB400 Φ14m             │ 010515001 │ 010606005 钢墙架             │ 3      │ ✓    │
│ 柱；(1)机械连接 Φ25以内 (2)接头形式、         │ 010516003 │ 011704001 超高施工增加       │ —      │ ✗    │
│ 梁；(1)现浇构件钢筋 HRB400 Φ10mm              │ 010515001 │ 010515001 现浇构件钢筋       │ 1      │ ✓1   │
│ 梁；(1)现浇构件钢筋 HRB400 Φ20mm              │ 010515001 │ 010515001 现浇构件钢筋       │ 1      │ ✓1   │
│ 柱；(1)混凝土强度等级:C35 P10 (2)             │ 010504001 │ 010509001 矩形柱             │ —      │ ✗    │
│ 楼梯；(1)楼梯模板支撑架搭拆、使用 (2)支模     │ 011702024 │ 011704001 超高施工增加       │ —      │ ✗    │
│ 柱；(1)现浇构件钢筋 HRB400 Φ22mm              │ 010515001 │ 010515001 现浇构件钢筋       │ 1      │ ✓1   │
│ 坑槽；(1)密实度要求:符合规范及设计等要求 (    │ 010103001 │ 010103001 回填方             │ 1      │ ✓1   │
│ 柱；(1)混凝土强度等级:C35 P8 (2)混            │ 010502001 │ 010509001 矩形柱             │ —      │ ✗    │
│ 板；(1)含模板制作、安装、拆除及运输等 (2)     │ 011702014 │ 010507005 扶手、压顶         │ 10     │ ✓    │
│ 楼梯；(1)混凝土强度等级:C35 (2)混凝土         │ 010507007 │ 011106005 现浇水磨石楼梯面层 │ —      │ ✗    │
│ 柱；(1)现浇构件钢筋 HRB400 Φ18mm              │ 010515001 │ 010515001 现浇构件钢筋       │ 1      │ ✓1   │
│ 柱；(1)混凝土强度等级:C40 (2)混凝土种         │ 010502001 │ 010509001 矩形柱             │ —      │ ✗    │
│ 柱；(1)机械连接 Φ25以外 (2)接头形式、         │ 010516003 │ 011704001 超高施工增加       │ —      │ ✗    │
│ 梁；(1)混凝土强度等级:C30 (2)混凝土种         │ 010505001 │ 011704001 超高施工增加       │ 2      │ ✓    │
│ 坑基；(1)电梯基坑、集水坑等 (2)含模板及支     │ 011702001 │ 011101001 水泥砂浆楼地面     │ —      │ ✗    │
│ 柱；(1)现浇构件钢筋 HRB400 Φ16mm              │ 010515001 │ 010515001 现浇构件钢筋       │ 1      │ ✓1   │
│ 梁；(1)现浇构件钢筋 HRB400 Φ25mm              │ 010515001 │ 010515001 现浇构件钢筋       │ 1      │ ✓1   │
│ 砼墙；(1)墙厚:50cm以外 (2)支模高度:           │ 011702011 │ 011704001 超高施工增加       │ —      │ ✗    │
│ 自定义体；(1)支模高度:3.6m＜h≤6m (            │ 011702013 │ 010507005 扶手、压顶         │ —      │ ✗    │
│ 柱；(1)混凝土强度等级:C60 (2)混凝土种         │ 010502001 │ 010509001 矩形柱             │ —      │ ✗    │
│ 自定义墙面；(1)支模高度:h≤3.6m (2)            │ 011702013 │ 011001003 保温隔热墙面       │ —      │ ✗    │
│ 梁；(1)现浇构件钢筋 HRB400 Φ6mm(              │ 010515001 │ 010515001 现浇构件钢筋       │ 1      │ ✓1   │
│ 自定义体；(1)搭设方式:综合考虑 (2)搭设高      │ 011701006 │ 011701006 满堂脚手架         │ 1      │ ✓1   │
│ 楼梯；(1)综合考虑各类型楼梯模板 (2)支模高     │ 011702024 │ 011106002 块料楼梯面层       │ —      │ ✗    │
│ 梁；(1)混凝土强度等级:C35 (2)混凝土种         │ 010505001 │ 011704001 超高施工增加       │ 2      │ ✓    │
│ 楼梯；(1)综合考虑各类型楼梯模板 (2)支模高     │ 011702024 │ 011106002 块料楼梯面层       │ —      │ ✗    │
│ 梁；(1)含模板制作、安装、拆除及运输等 (2)     │ 011702006 │ 010505001 有梁板             │ —      │ ✗    │
│ 柱；(1)混凝土强度等级:C35 (2)混凝土种         │ 010502001 │ 010509001 矩形柱             │ —      │ ✗    │
│ 柱；(1)支模高度:h≤3.6m (2)含模板及            │ 011702004 │ 010509001 矩形柱             │ —      │ ✗    │
│ 坑槽；(1)密实度要求:满足设计等要求 (2)填      │ 010103001 │ 011108003 块料零星项目       │ 7      │ ✓    │
│ 砼墙；(1)墙厚:50cm以内 (2)支模高度:           │ 011702011 │ 011704001 超高施工增加       │ —      │ ✗    │
│ 后浇带；(1)部位:梁、板、墙 (2)混凝土强度      │ 010508001 │ 010508001 后浇带             │ 1      │ ✓1   │
│ 锚索；(1)3厚单面自粘聚合物改性沥青卷材附加防  │ 010904001 │ 011108003 块料零星项目       │ —      │ ✗    │
└───────────────────────────────────────────────┴───────────┴──────────────────────────────┴────────┴──────┘

汇总  n=91  Top-1=38%  Top-3=43%  Recall@10=54%  MRR=0.425  平均命中秩=2.04
红线：Top-1 ≥ 85% / Top-3 ≥ 95%（PRD §6）。未达→上 sparse/rerank/KG。
